\BOOKMARK [0][-]{chapter.1}{\376\377\000A\000s\000s\000i\000g\000n\000m\000e\000n\000t\000\040\000f\000o\000u\000r\000\040\000j\000o\000u\000r\000n\000a\000l}{}% 1
\BOOKMARK [1][-]{section.1.1}{\376\377\000P\000r\000o\000g\000r\000a\000m\000\040\000d\000e\000s\000i\000g\000n}{chapter.1}% 2
\BOOKMARK [2][-]{subsection.1.1.1}{\376\377\000C\000o\000n\000c\000e\000p\000t\000\040\000a\000n\000d\000\040\000s\000c\000o\000p\000e}{section.1.1}% 3
\BOOKMARK [2][-]{subsection.1.1.2}{\376\377\000P\000l\000a\000y\000e\000r\000\040\000e\000x\000p\000e\000r\000i\000e\000n\000c\000e\000\040\000a\000n\000d\000\040\000c\000o\000m\000m\000a\000n\000d\000\040\000s\000t\000y\000l\000e}{section.1.1}% 4
\BOOKMARK [2][-]{subsection.1.1.3}{\376\377\000W\000o\000r\000l\000d\000\040\000p\000l\000a\000n}{section.1.1}% 5
\BOOKMARK [2][-]{subsection.1.1.4}{\376\377\000I\000t\000e\000m\000s\000\040\000a\000n\000d\000\040\000t\000r\000e\000a\000s\000u\000r\000e\000s}{section.1.1}% 6
\BOOKMARK [2][-]{subsection.1.1.5}{\376\377\000C\000h\000a\000r\000a\000c\000t\000e\000r\000s\000\040\000a\000n\000d\000\040\000e\000n\000c\000o\000u\000n\000t\000e\000r\000s}{section.1.1}% 7
\BOOKMARK [2][-]{subsection.1.1.6}{\376\377\000C\000l\000a\000s\000s\000e\000s\000\040\000a\000n\000d\000\040\000r\000e\000s\000p\000o\000n\000s\000i\000b\000i\000l\000i\000t\000i\000e\000s}{section.1.1}% 8
\BOOKMARK [2][-]{subsection.1.1.7}{\376\377\000E\000x\000t\000e\000r\000n\000a\000l\000\040\000t\000e\000x\000t\000\040\000f\000i\000l\000e\000s}{section.1.1}% 9
\BOOKMARK [2][-]{subsection.1.1.8}{\376\377\000G\000a\000m\000e\000\040\000s\000t\000a\000t\000e\000,\000\040\000s\000c\000o\000r\000i\000n\000g\000\040\000a\000n\000d\000\040\000e\000n\000d\000i\000n\000g}{section.1.1}% 10
\BOOKMARK [2][-]{subsection.1.1.9}{\376\377\000A\000l\000g\000o\000r\000i\000t\000h\000m\000i\000c\000\040\000s\000c\000a\000l\000e}{section.1.1}% 11
\BOOKMARK [1][-]{section.1.2}{\376\377\000P\000r\000o\000g\000r\000a\000m\000\040\000t\000e\000s\000t\000\040\000p\000l\000a\000n}{chapter.1}% 12
\BOOKMARK [1][-]{section.1.3}{\376\377\000O\000v\000e\000r\000v\000i\000e\000w\000\040\000a\000n\000d\000\040\000r\000e\000f\000l\000e\000c\000t\000i\000o\000n\000s}{chapter.1}% 13
\BOOKMARK [1][-]{section.1.4}{\376\377\000R\000e\000s\000e\000a\000r\000c\000h\000\040\000n\000o\000t\000e\000s}{chapter.1}% 14
\BOOKMARK [2][-]{subsection.1.4.1}{\376\377\000R\000e\000s\000e\000a\000r\000c\000h\000\040\000a\000n\000d\000\040\000g\000a\000m\000e\000\040\000c\000o\000n\000c\000e\000p\000t}{section.1.4}% 15
\BOOKMARK [2][-]{subsection.1.4.2}{\376\377\000W\000o\000r\000l\000d\000\040\000m\000a\000p\000\040\000a\000n\000d\000\040\000e\000x\000t\000e\000r\000n\000a\000l\000\040\000d\000a\000t\000a}{section.1.4}% 16
\BOOKMARK [2][-]{subsection.1.4.3}{\376\377\000O\000b\000j\000e\000c\000t\000-\000o\000r\000i\000e\000n\000t\000e\000d\000\040\000c\000l\000a\000s\000s\000\040\000d\000e\000s\000i\000g\000n}{section.1.4}% 17
\BOOKMARK [2][-]{subsection.1.4.4}{\376\377\000C\000o\000m\000m\000a\000n\000d\000\040\000p\000a\000r\000s\000e\000r\000\040\000a\000n\000d\000\040\000g\000a\000m\000e\000\040\000l\000o\000g\000i\000c}{section.1.4}% 18
\BOOKMARK [2][-]{subsection.1.4.5}{\376\377\000T\000e\000s\000t\000i\000n\000g\000\040\000a\000n\000d\000\040\000c\000o\000r\000r\000e\000c\000t\000i\000o\000n\000s}{section.1.4}% 19
\BOOKMARK [1][-]{section.1.5}{\376\377\000S\000o\000u\000r\000c\000e\000s\000\040\000a\000n\000d\000\040\000r\000e\000f\000e\000r\000e\000n\000c\000e\000s}{chapter.1}% 20
